  Файл: /home/user1
  Размер: 4096      	Блоков: 8          Блок В/В: 4096   каталог
Устройство: 8/4	Инода: 1832009     Ссылки: 2
Доступ: (0700/drwx------)  Uid: ( 1234/   user1)   Gid: ( 1001/students)
Контекст: unconfined_u:object_r:user_home_dir_t:s0
Доступ:        2026-09-30 16:42:38.213832857 +0300
Модифицирован: 2026-09-30 16:46:28.762938925 +0300
Изменён:       2026-09-30 16:46:28.762938925 +0300
Создан:        2026-09-30 15:47:59.567695524 +0300
  Файл: /home/user1/mycat
  Размер: 36568     	Блоков: 72         Блок В/В: 4096   обычный файл
Устройство: 8/4	Инода: 1832003     Ссылки: 1
Доступ: (4755/-rwsr-xr-x)  Uid: (    0/    root)   Gid: (    0/    root)
Контекст: unconfined_u:object_r:user_home_t:s0
Доступ:        2026-09-30 16:09:08.772490829 +0300
Модифицирован: 2026-09-30 16:04:45.821397354 +0300
Изменён:       2026-09-30 16:07:33.803457062 +0300
Создан:        2026-09-30 16:04:45.821397354 +0300
  Файл: /usr/bin/chown
  Размер: 65840     	Блоков: 136        Блок В/В: 4096   обычный файл
Устройство: 8/4	Инода: 710090      Ссылки: 1
Доступ: (0755/-rwxr-xr-x)  Uid: (    0/    root)   Gid: (    0/    root)
Контекст: system_u:object_r:bin_t:s0
Доступ:        2026-09-30 15:15:03.590163693 +0300
Модифицирован: 2026-02-18 17:45:59.000000000 +0300
Изменён:       2026-09-30 15:13:57.488062797 +0300
Создан:        2026-09-30 15:13:57.374052237 +0300
  Файл: /usr/bin/timedatectl
  Размер: 49032     	Блоков: 96         Блок В/В: 4096   обычный файл
Устройство: 8/4	Инода: 711587      Ссылки: 1
Доступ: (0755/-rwxr-xr-x)  Uid: (    0/    root)   Gid: (    0/    root)
Контекст: system_u:object_r:bin_t:s0
Доступ:        2026-09-30 16:42:28.550827756 +0300
Модифицирован: 2026-05-18 16:44:31.000000000 +0300
Изменён:       2026-09-30 15:14:10.494267530 +0300
Создан:        2026-09-30 15:14:09.796202870 +0300
