-rwsr-xr-x. 1 root root 36568 сен 30 16:04 /home/user1/mycat
-rwsr-xr-x. 1 root root 16040 июн 22 17:04 /usr/lib64/chromium-browser/chrome-sandbox
-rwsr-xr-x. 1 root root 19816 сен  8  2025 /usr/lib/polkit-1/polkit-agent-helper-1
-rwsr-xr-x. 1 root root 69 окт  3  2025 /usr/bin/loginfo-gui
-rwsr-xr-x. 1 root root 36448 сен 15  2025 /usr/bin/fusermount3
---s--x--x. 1 root root 223416 мая 14 13:27 /usr/bin/sudo
-rwsr-xr-x. 1 root root 311 дек 15  2025 /usr/bin/loginfo.sh
-rwsr-xr-x. 1 root root 36368 окт 31  2025 /usr/bin/umount
-rws--x--x. 1 root root 28184 окт 31  2025 /usr/bin/chfn
-rwsr-xr-x. 1 root root 57696 мар 17  2023 /usr/bin/crontab
-rwsr-xr-x. 1 root root 74616 дек 28  2023 /usr/bin/chage
-rwsr-xr-x. 1 root root 38184 дек 28  2023 /usr/bin/newgrp
-rwsr-xr-x. 1 root root 32568 ноя 13  2023 /usr/bin/passwd
-rwsr-xr-x. 1 root root 57848 дек 28  2022 /usr/bin/at
-rwsr-xr-x. 1 root root 57120 сен 26  2025 /usr/bin/ksu
-rws--x--x. 1 root root 24024 окт 31  2025 /usr/bin/chsh
-rwsr-xr-x. 1 root root 32168 сен  8  2025 /usr/bin/pkexec
-rwsr-xr-x. 1 root root 386 окт 20  2025 /usr/bin/join-to-domain.sh
-rwsr-xr-x. 1 root root 48736 окт 31  2025 /usr/bin/mount
-rwsr-xr-x. 1 root root 57184 окт 31  2025 /usr/bin/su
-rwsr-xr-x. 1 root root 78472 дек 28  2023 /usr/bin/gpasswd
-rwsr-xr-x. 1 root root 36776 ноя 30  2023 /usr/bin/fusermount-glusterfs
-rwsr-xr-x. 1 root root 15648 окт 27  2025 /usr/sbin/pam_timestamp_check
-rwsr-xr-x. 1 root root 28144 окт 27  2025 /usr/sbin/unix_chkpwd
-rwsr-xr-x. 1 root root 15672 июл 10 12:11 /usr/sbin/grub2-set-bootflag
-rwsr-xr-x. 1 root root 99088 мая 25 13:28 /usr/sbin/mount.nfs
-rws--x--x. 1 root root 45088 дек 27  2022 /usr/sbin/userhelper
-rws--x--x. 1 root root 15880 ноя 26  2025 /usr/libexec/xf86-video-intel-backlight-helper
-rwsr-xr-x. 1 root root 15088 ноя 27  2025 /usr/libexec/Xorg.wrap
-rwsr-x---. 1 root dbus 36328 сен 13  2025 /usr/libexec/dbus-1/dbus-daemon-launch-helper
-rwsr-xr-x. 1 root root 47512 авг  9  2023 /usr/libexec/spice-gtk-x86_64/spice-client-glib-usb-acl-helper
-rwsr-xr-x. 1 root root 100 окт  2  2025 /usr/share/loginfo/init_form_caller.py
